#
# There is insufficient memory for the Java Runtime Environment to continue.
# Native memory allocation (malloc) failed to allocate 157696 bytes. Error detail: Chunk::new
# Possible reasons:
#   The system is out of physical RAM or swap space
#   This process is running with CompressedOops enabled, and the Java Heap may be blocking the growth of the native heap
# Possible solutions:
#   Reduce memory load on the system
#   Increase physical memory or swap space
#   Check if swap backing store is full
#   Decrease Java heap size (-Xmx/-Xms)
#   Decrease number of Java threads
#   Decrease Java thread stack sizes (-Xss)
#   Set larger code cache with -XX:ReservedCodeCacheSize=
#   JVM is running with Unscaled Compressed Oops mode in which the Java heap is
#     placed in the first 4GB address space. The Java Heap base address is the
#     maximum limit for the native heap growth. Please use -XX:HeapBaseMinAddress
#     to set the Java Heap base and to place the Java Heap above 4GB virtual address.
# This output file may be truncated or incomplete.
#
#  Out of Memory Error (arena.cpp:168), pid=21900, tid=22476
#
# JRE version: OpenJDK Runtime Environment Temurin-21.0.12.1+1 (21.0.12.1+1) (build 21.0.12.1+1-LTS)
# Java VM: OpenJDK 64-Bit Server VM Temurin-21.0.12.1+1 (21.0.12.1+1-LTS, mixed mode, sharing, tiered, compressed oops, compressed class ptrs, parallel gc, windows-amd64)
# No core dump will be written. Minidumps are not enabled by default on client versions of Windows
#

---------------  S U M M A R Y ------------

Command Line: --add-modules=ALL-SYSTEM --add-opens=java.base/java.util=ALL-UNNAMED --add-opens=java.base/java.lang=ALL-UNNAMED --add-opens=java.base/sun.nio.fs=ALL-UNNAMED -Declipse.application=org.eclipse.jdt.ls.core.id1 -Dosgi.bundles.defaultStartLevel=4 -Declipse.product=org.eclipse.jdt.ls.core.product -Djava.import.generatesMetadataFilesAtProjectRoot=false -Dm2e.project.cache.size=50 -DDetectVMInstallationsJob.disabled=true -Dfile.encoding=utf8 -XX:+UseParallelGC -XX:GCTimeRatio=4 -XX:AdaptiveSizePolicyWeight=90 -Dsun.zip.disableMemoryMapping=true -Xmx2G -Xms100m -Xlog:disable -javaagent:c:\Users\ACER\.vscode\extensions\redhat.java-1.56.0-win32-x64\lombok\lombok-1.18.39-4050.jar -XX:+HeapDumpOnOutOfMemoryError -XX:HeapDumpPath=c:\Users\ACER\AppData\Roaming\Code\User\workspaceStorage\871d06872000d22955967cdc9c474b23\redhat.java -Daether.dependencyCollector.impl=bf c:\Users\ACER\.vscode\extensions\redhat.java-1.56.0-win32-x64\server\plugins\org.eclipse.equinox.launcher_1.8.0.v20260804-1928.jar -configuration c:\Users\ACER\AppData\Roaming\Code\User\globalStorage\redhat.java\1.56.0\config_win -data c:\Users\ACER\AppData\Roaming\Code\User\workspaceStorage\871d06872000d22955967cdc9c474b23\redhat.java\jdt_ws --pipe=\\.\pipe\lsp-9601f44179887049fceb0535e209886c-sock

Host: Intel(R) Core(TM) i3-N305, 8 cores, 7G,  Windows 11 , 64 bit Build 26100 (10.0.26100.9549)
Time: Wed Sep 30 22:59:39 2026 SE Asia Standard Time elapsed time: 1.441981 seconds (0d 0h 0m 1s)

---------------  T H R E A D  ---------------

Current thread (0x000002107f03d550):  JavaThread "C2 CompilerThread0" daemon [_thread_in_native, id=22476, stack(0x000000f9efd00000,0x000000f9efe00000) (1024K)]


Current CompileTask:
C2:1442  674       4       lombok.patcher.scripts.MethodLevelPatchScript::patch (21 bytes)

Stack: [0x000000f9efd00000,0x000000f9efe00000]
Native frames: (J=compiled Java code, j=interpreted, Vv=VM code, C=native code)
V  [jvm.dll+0x6d83e9]
V  [jvm.dll+0x8b5736]
V  [jvm.dll+0x8b7cee]
V  [jvm.dll+0x8b83d3]
V  [jvm.dll+0x284596]
V  [jvm.dll+0xc685d]
V  [jvm.dll+0xc6da1]
V  [jvm.dll+0x2fb5ae]
V  [jvm.dll+0x5fee94]
V  [jvm.dll+0x255d67]
V  [jvm.dll+0x24e3bf]
V  [jvm.dll+0x24bbe6]
V  [jvm.dll+0x1cb4ae]
V  [jvm.dll+0x25baad]
V  [jvm.dll+0x25a03a]
V  [jvm.dll+0x3f8aae]
V  [jvm.dll+0x8600cd]
V  [jvm.dll+0x6d6c1d]
C  [ucrtbase.dll+0x2cd30]
C  [KERNEL32.DLL+0x2cdf7]
C  [ntdll.dll+0x7ee4c]


---------------  P R O C E S S  ---------------

Threads class SMR info:
_java_thread_list=0x0000021041db8cd0, length=12, elements={
0x000002106666dfe0, 0x0000021066729ab0, 0x000002106672dcf0, 0x000002107f035ed0,
0x000002107f036b30, 0x000002107f037790, 0x000002107f03a300, 0x000002107f03d550,
0x0000021041aec770, 0x0000021041ca65e0, 0x0000021041cfcaf0, 0x0000021041e574d0
}

Java Threads: ( => current thread )
  0x000002106666dfe0 JavaThread "main"                              [_thread_in_vm, id=22108, stack(0x000000f9ef300000,0x000000f9ef400000) (1024K)]
  0x0000021066729ab0 JavaThread "Reference Handler"          daemon [_thread_blocked, id=9048, stack(0x000000f9ef700000,0x000000f9ef800000) (1024K)]
  0x000002106672dcf0 JavaThread "Finalizer"                  daemon [_thread_blocked, id=22384, stack(0x000000f9ef800000,0x000000f9ef900000) (1024K)]
  0x000002107f035ed0 JavaThread "Signal Dispatcher"          daemon [_thread_blocked, id=22396, stack(0x000000f9ef900000,0x000000f9efa00000) (1024K)]
  0x000002107f036b30 JavaThread "Attach Listener"            daemon [_thread_blocked, id=17080, stack(0x000000f9efa00000,0x000000f9efb00000) (1024K)]
  0x000002107f037790 JavaThread "Service Thread"             daemon [_thread_blocked, id=22372, stack(0x000000f9efb00000,0x000000f9efc00000) (1024K)]
  0x000002107f03a300 JavaThread "Monitor Deflation Thread"   daemon [_thread_blocked, id=22284, stack(0x000000f9efc00000,0x000000f9efd00000) (1024K)]
=>0x000002107f03d550 JavaThread "C2 CompilerThread0"         daemon [_thread_in_native, id=22476, stack(0x000000f9efd00000,0x000000f9efe00000) (1024K)]
  0x0000021041aec770 JavaThread "C1 CompilerThread0"         daemon [_thread_in_native, id=22504, stack(0x000000f9efe00000,0x000000f9eff00000) (1024K)]
  0x0000021041ca65e0 JavaThread "Common-Cleaner"             daemon [_thread_blocked, id=21704, stack(0x000000f9eff00000,0x000000f9f0000000) (1024K)]
  0x0000021041cfcaf0 JavaThread "Notification Thread"        daemon [_thread_blocked, id=21992, stack(0x000000f9f0000000,0x000000f9f0100000) (1024K)]
  0x0000021041e574d0 JavaThread "C2 CompilerThread1"         daemon [_thread_in_native, id=21716, stack(0x000000f9f0100000,0x000000f9f0200000) (1024K)]
Total: 12

Other Threads:
  0x000002107f0313f0 VMThread "VM Thread"                           [id=22348, stack(0x000000f9ef600000,0x000000f9ef700000) (1024K)]
  0x000002107ef4ca00 WatcherThread "VM Periodic Task Thread"        [id=22404, stack(0x000000f9ef500000,0x000000f9ef600000) (1024K)]
  0x000002106668c650 WorkerThread "GC Thread#0"                     [id=21268, stack(0x000000f9ef400000,0x000000f9ef500000) (1024K)]
Total: 3

Threads with active compile tasks:
C2 CompilerThread0  1510  674       4       lombok.patcher.scripts.MethodLevelPatchScript::patch (21 bytes)
C1 CompilerThread0  1510  726       3       sun.security.provider.SHA2::implCompressCheck (18 bytes)
C2 CompilerThread1  1510  675       4       lombok.patcher.PatchScript::classMatches (41 bytes)
Total: 3

VM state: not at safepoint (normal execution)

VM Mutex/Monitor currently owned by a thread:  ([mutex/lock_event])
[0x00007ffda456d930] AdapterHandlerLibrary_lock - owner thread: 0x0000000000000000

Heap address: 0x0000000080000000, size: 2048 MB, Compressed Oops mode: 32-bit

CDS archive(s) mapped at: [0x0000021000000000-0x0000021000ba0000-0x0000021000ba0000), size 12189696, SharedBaseAddress: 0x0000021000000000, ArchiveRelocationMode: 1.
Compressed class space mapped at: 0x0000021001000000-0x0000021041000000, reserved size: 1073741824
Narrow klass base: 0x0000021000000000, Narrow klass shift: 0, Narrow klass range: 0x100000000

GC Precious Log:
 CardTable entry size: 512
 CPUs: 8 total, 8 available
 Memory: 7865M
 Large Page Support: Disabled
 NUMA Support: Disabled
 Compressed Oops: Enabled (32-bit)
 Alignments: Space 512K, Generation 512K, Heap 2M
 Heap Min Capacity: 100M
 Heap Initial Capacity: 100M
 Heap Max Capacity: 2G
 Pre-touch: Disabled
 Parallel Workers: 8

Heap:
 PSYoungGen      total 29696K, used 15136K [0x00000000d5580000, 0x00000000d7680000, 0x0000000100000000)
  eden space 25600K, 59% used [0x00000000d5580000,0x00000000d6448128,0x00000000d6e80000)
  from space 4096K, 0% used [0x00000000d7280000,0x00000000d7280000,0x00000000d7680000)
  to   space 4096K, 0% used [0x00000000d6e80000,0x00000000d6e80000,0x00000000d7280000)
 ParOldGen       total 68608K, used 0K [0x0000000080000000, 0x0000000084300000, 0x00000000d5580000)
  object space 68608K, 0% used [0x0000000080000000,0x0000000080000000,0x0000000084300000)
 Metaspace       used 3004K, committed 3200K, reserved 1114112K
  class space    used 305K, committed 384K, reserved 1048576K

Card table byte_map: [0x000002107a3b0000,0x000002107a7c0000] _byte_map_base: 0x0000021079fb0000

Marking Bits: (ParMarkBitMap*) 0x00007ffda45744a0
 Begin Bits: [0x000002107aa70000, 0x000002107ca70000)
 End Bits:   [0x000002107ca70000, 0x000002107ea70000)

Polling page: 0x0000021066740000

Metaspace:

Usage:
  Non-class:      2.64 MB used.
      Class:    305.68 KB used.
       Both:      2.93 MB used.

Virtual space:
  Non-class space:       64.00 MB reserved,       2.75 MB (  4%) committed,  1 nodes.
      Class space:        1.00 GB reserved,     384.00 KB ( <1%) committed,  1 nodes.
             Both:        1.06 GB reserved,       3.12 MB ( <1%) committed. 

Chunk freelists:
   Non-Class:  11.59 MB
       Class:  15.67 MB
        Both:  27.26 MB

MaxMetaspaceSize: unlimited
CompressedClassSpaceSize: 1.00 GB
Initial GC threshold: 21.00 MB
Current GC threshold: 21.00 MB
CDS: on
 - commit_granule_bytes: 65536.
 - commit_granule_words: 8192.
 - virtual_space_node_default_size: 8388608.
 - enlarge_chunks_in_place: 1.
 - use_allocation_guard: 0.


Internal statistics:

num_allocs_failed_limit: 0.
num_arena_births: 82.
num_arena_deaths: 0.
num_vsnodes_births: 2.
num_vsnodes_deaths: 0.
num_space_committed: 50.
num_space_uncommitted: 0.
num_chunks_returned_to_freelist: 0.
num_chunks_taken_from_freelist: 107.
num_chunk_merges: 0.
num_chunk_splits: 74.
num_chunks_enlarged: 47.
num_inconsistent_stats: 0.

CodeHeap 'non-profiled nmethods': size=120000Kb used=259Kb max_used=259Kb free=119740Kb
 bounds [0x0000021072ca0000, 0x0000021072f10000, 0x000002107a1d0000]
CodeHeap 'profiled nmethods': size=120000Kb used=1132Kb max_used=1132Kb free=118867Kb
 bounds [0x000002106b1d0000, 0x000002106b440000, 0x0000021072700000]
CodeHeap 'non-nmethods': size=5760Kb used=1183Kb max_used=1204Kb free=4576Kb
 bounds [0x0000021072700000, 0x0000021072970000, 0x0000021072ca0000]
CodeCache: size=245760Kb, used=2574Kb, max_used=2595Kb, free=243183Kb
 total_blobs=1161, nmethods=719, adapters=349, full_count=0
Compilation: enabled, stopped_count=0, restarted_count=0

Compilation events (20 events):
Event: 1.400 Thread 0x0000021041aec770  666       3       java.util.LinkedHashMap$Entry::<init> (10 bytes)
Event: 1.400 Thread 0x0000021041aec770 nmethod 666 0x000002106b2c4e10 code [0x000002106b2c4fc0, 0x000002106b2c51c8]
Event: 1.401 Thread 0x0000021041aec770  667       3       java.util.Objects::checkFromIndexSize (8 bytes)
Event: 1.402 Thread 0x0000021041aec770 nmethod 667 0x000002106b2c5310 code [0x000002106b2c54c0, 0x000002106b2c56c8]
Event: 1.402 Thread 0x0000021041aec770  668  s    3       java.io.ByteArrayOutputStream::write (32 bytes)
Event: 1.402 Thread 0x0000021041aec770 nmethod 668 0x000002106b2c5810 code [0x000002106b2c59c0, 0x000002106b2c5c10]
Event: 1.403 Thread 0x0000021041e574d0 nmethod 664 0x0000021072cde190 code [0x0000021072cde340, 0x0000021072cde788]
Event: 1.406 Thread 0x000002107f03d550 nmethod 662 0x0000021072cde990 code [0x0000021072cdeb40, 0x0000021072cdeee8]
Event: 1.408 Thread 0x0000021041aec770  671       3       java.lang.Integer::rotateRight (9 bytes)
Event: 1.408 Thread 0x0000021041aec770 nmethod 671 0x000002106b2c5d10 code [0x000002106b2c5ea0, 0x000002106b2c5fa0]
Event: 1.413 Thread 0x0000021041aec770  672       3       sun.invoke.util.Wrapper::forPrimitiveType (122 bytes)
Event: 1.414 Thread 0x0000021041aec770 nmethod 672 0x000002106b2c6010 code [0x000002106b2c62e0, 0x000002106b2c6dc0]
Event: 1.421 Thread 0x000002107f03d550  674       4       lombok.patcher.scripts.MethodLevelPatchScript::patch (21 bytes)
Event: 1.421 Thread 0x0000021041e574d0  675       4       lombok.patcher.PatchScript::classMatches (41 bytes)
Event: 1.429 Thread 0x0000021041aec770  677       3       jdk.internal.org.objectweb.asm.SymbolTable::hash (15 bytes)
Event: 1.429 Thread 0x0000021041aec770 nmethod 677 0x000002106b2c7090 code [0x000002106b2c7240, 0x000002106b2c73c0]
Event: 1.429 Thread 0x0000021041aec770  678       3       jdk.internal.org.objectweb.asm.SymbolTable$Entry::<init> (18 bytes)
Event: 1.430 Thread 0x0000021041aec770 nmethod 678 0x000002106b2c7510 code [0x000002106b2c76c0, 0x000002106b2c7838]
Event: 1.436 Thread 0x0000021041aec770  679       3       java.lang.StringUTF16::putChar (54 bytes)
Event: 1.436 Thread 0x0000021041aec770 nmethod 679 0x000002106b2c7910 code [0x000002106b2c7ac0, 0x000002106b2c7c10]

GC Heap History (0 events):
No events

Dll operation events (16 events):
Event: 0.062 Attempting to load shared library c:\Users\ACER\.vscode\extensions\redhat.java-1.56.0-win32-x64\jre\21.0.12.1-win32-x86_64\bin\java.dll
Event: 0.062 Loaded shared library c:\Users\ACER\.vscode\extensions\redhat.java-1.56.0-win32-x64\jre\21.0.12.1-win32-x86_64\bin\java.dll
Event: 0.504 Attempting to load shared library c:\Users\ACER\.vscode\extensions\redhat.java-1.56.0-win32-x64\jre\21.0.12.1-win32-x86_64\bin\zip.dll
Event: 0.504 Loaded shared library c:\Users\ACER\.vscode\extensions\redhat.java-1.56.0-win32-x64\jre\21.0.12.1-win32-x86_64\bin\zip.dll
Event: 0.624 Attempting to load shared library C:\Users\ACER\.vscode\extensions\redhat.java-1.56.0-win32-x64\jre\21.0.12.1-win32-x86_64\bin\instrument.dll
Event: 0.624 Loaded shared library C:\Users\ACER\.vscode\extensions\redhat.java-1.56.0-win32-x64\jre\21.0.12.1-win32-x86_64\bin\instrument.dll
Event: 0.633 Attempting to load shared library C:\Users\ACER\.vscode\extensions\redhat.java-1.56.0-win32-x64\jre\21.0.12.1-win32-x86_64\bin\net.dll
Event: 0.641 Loaded shared library C:\Users\ACER\.vscode\extensions\redhat.java-1.56.0-win32-x64\jre\21.0.12.1-win32-x86_64\bin\net.dll
Event: 0.646 Attempting to load shared library C:\Users\ACER\.vscode\extensions\redhat.java-1.56.0-win32-x64\jre\21.0.12.1-win32-x86_64\bin\nio.dll
Event: 0.647 Loaded shared library C:\Users\ACER\.vscode\extensions\redhat.java-1.56.0-win32-x64\jre\21.0.12.1-win32-x86_64\bin\nio.dll
Event: 0.654 Attempting to load shared library C:\Users\ACER\.vscode\extensions\redhat.java-1.56.0-win32-x64\jre\21.0.12.1-win32-x86_64\bin\zip.dll
Event: 0.654 Loaded shared library C:\Users\ACER\.vscode\extensions\redhat.java-1.56.0-win32-x64\jre\21.0.12.1-win32-x86_64\bin\zip.dll
Event: 0.699 Attempting to load shared library C:\Users\ACER\.vscode\extensions\redhat.java-1.56.0-win32-x64\jre\21.0.12.1-win32-x86_64\bin\jimage.dll
Event: 0.699 Loaded shared library C:\Users\ACER\.vscode\extensions\redhat.java-1.56.0-win32-x64\jre\21.0.12.1-win32-x86_64\bin\jimage.dll
Event: 0.852 Attempting to load shared library c:\Users\ACER\.vscode\extensions\redhat.java-1.56.0-win32-x64\jre\21.0.12.1-win32-x86_64\bin\verify.dll
Event: 0.853 Loaded shared library c:\Users\ACER\.vscode\extensions\redhat.java-1.56.0-win32-x64\jre\21.0.12.1-win32-x86_64\bin\verify.dll

Deoptimization events (20 events):
Event: 1.199 Thread 0x000002106666dfe0 DEOPT PACKING pc=0x000002106b207098 sp=0x000000f9ef3fa810
Event: 1.199 Thread 0x000002106666dfe0 DEOPT UNPACKING pc=0x0000021072754242 sp=0x000000f9ef3f9cd0 mode 0
Event: 1.211 Thread 0x000002106666dfe0 DEOPT PACKING pc=0x000002106b207098 sp=0x000000f9ef3f98f0
Event: 1.211 Thread 0x000002106666dfe0 DEOPT UNPACKING pc=0x0000021072754242 sp=0x000000f9ef3f8db0 mode 0
Event: 1.213 Thread 0x000002106666dfe0 DEOPT PACKING pc=0x000002106b207098 sp=0x000000f9ef3f98e0
Event: 1.213 Thread 0x000002106666dfe0 DEOPT UNPACKING pc=0x0000021072754242 sp=0x000000f9ef3f8da0 mode 0
Event: 1.216 Thread 0x000002106666dfe0 DEOPT PACKING pc=0x000002106b207098 sp=0x000000f9ef3faed0
Event: 1.216 Thread 0x000002106666dfe0 DEOPT UNPACKING pc=0x0000021072754242 sp=0x000000f9ef3fa390 mode 0
Event: 1.345 Thread 0x000002106666dfe0 Uncommon trap: trap_request=0xffffff45 fr.pc=0x0000021072cd416c relative=0x000000000000014c
Event: 1.345 Thread 0x000002106666dfe0 Uncommon trap: reason=unstable_if action=reinterpret pc=0x0000021072cd416c method=jdk.internal.util.ArraysSupport.vectorizedHashCode(Ljava/lang/Object;IIII)I @ 2 c2
Event: 1.345 Thread 0x000002106666dfe0 DEOPT PACKING pc=0x0000021072cd416c sp=0x000000f9ef3fcb90
Event: 1.345 Thread 0x000002106666dfe0 DEOPT UNPACKING pc=0x0000021072753aa2 sp=0x000000f9ef3fcb40 mode 2
Event: 1.358 Thread 0x000002106666dfe0 Uncommon trap: trap_request=0xffffff45 fr.pc=0x0000021072cc1d74 relative=0x00000000000000d4
Event: 1.358 Thread 0x000002106666dfe0 Uncommon trap: reason=unstable_if action=reinterpret pc=0x0000021072cc1d74 method=java.net.URI.match(CJJ)Z @ 45 c2
Event: 1.358 Thread 0x000002106666dfe0 DEOPT PACKING pc=0x0000021072cc1d74 sp=0x000000f9ef3fcd10
Event: 1.358 Thread 0x000002106666dfe0 DEOPT UNPACKING pc=0x0000021072753aa2 sp=0x000000f9ef3fcc78 mode 2
Event: 1.436 Thread 0x000002106666dfe0 Uncommon trap: trap_request=0xffffff45 fr.pc=0x0000021072cc0824 relative=0x0000000000000184
Event: 1.436 Thread 0x000002106666dfe0 Uncommon trap: reason=unstable_if action=reinterpret pc=0x0000021072cc0824 method=java.lang.StringUTF16.compress([CI[BII)I @ 20 c2
Event: 1.436 Thread 0x000002106666dfe0 DEOPT PACKING pc=0x0000021072cc0824 sp=0x000000f9ef3fb9a0
Event: 1.436 Thread 0x000002106666dfe0 DEOPT UNPACKING pc=0x0000021072753aa2 sp=0x000000f9ef3fb910 mode 2

Classes loaded (20 events):
Event: 1.434 Loading class jdk/internal/icu/util/CodePointMap done
Event: 1.434 Loading class jdk/internal/icu/util/CodePointTrie done
Event: 1.434 Loading class jdk/internal/icu/util/CodePointTrie$Fast done
Event: 1.434 Loading class jdk/internal/icu/util/CodePointTrie$Fast16 done
Event: 1.434 Loading class jdk/internal/icu/util/CodePointTrie$Type
Event: 1.434 Loading class jdk/internal/icu/util/CodePointTrie$Type done
Event: 1.434 Loading class jdk/internal/icu/util/CodePointTrie$ValueWidth
Event: 1.434 Loading class jdk/internal/icu/util/CodePointTrie$ValueWidth done
Event: 1.434 Loading class java/nio/ByteBufferAsCharBufferL
Event: 1.435 Loading class java/nio/ByteBufferAsCharBufferL done
Event: 1.435 Loading class jdk/internal/icu/util/CodePointTrie$Data16
Event: 1.435 Loading class jdk/internal/icu/util/CodePointTrie$Data
Event: 1.435 Loading class jdk/internal/icu/util/CodePointTrie$Data done
Event: 1.435 Loading class jdk/internal/icu/util/CodePointTrie$Data16 done
Event: 1.437 Loading class jdk/internal/icu/impl/Norm2AllModes$ComposeNormalizer2
Event: 1.437 Loading class jdk/internal/icu/impl/Norm2AllModes$Normalizer2WithImpl
Event: 1.437 Loading class jdk/internal/icu/impl/Norm2AllModes$Normalizer2WithImpl done
Event: 1.437 Loading class jdk/internal/icu/impl/Norm2AllModes$ComposeNormalizer2 done
Event: 1.437 Loading class jdk/internal/icu/impl/Norm2AllModes$DecomposeNormalizer2
Event: 1.437 Loading class jdk/internal/icu/impl/Norm2AllModes$DecomposeNormalizer2 done

Classes unloaded (0 events):
No events

Classes redefined (0 events):
No events

Internal exceptions (12 events):
Event: 0.498 Thread 0x000002106666dfe0 Exception <a 'java/lang/NoSuchMethodError'{0x00000000d57a90e0}: 'void java.lang.invoke.DirectMethodHandle$Holder.invokeStatic(java.lang.Object, java.lang.Object, java.lang.Object)'> (0x00000000d57a90e0) 
thrown [s\src\hotspot\share\interpreter\linkResolver.cpp, line 773]
Event: 0.673 Thread 0x000002106666dfe0 Exception <a 'java/lang/NoSuchMethodError'{0x00000000d5911dd0}: 'java.lang.Object java.lang.invoke.Invokers$Holder.invokeExact_MT(java.lang.Object, java.lang.Object, java.lang.Object, java.lang.Object, java.lang.Object)'> (0x00000000d5911dd0) 
thrown [s\src\hotspot\share\interpreter\linkResolver.cpp, line 773]
Event: 0.765 Thread 0x000002106666dfe0 Exception <a 'java/lang/NoSuchMethodError'{0x00000000d59ca430}: 'int java.lang.invoke.DirectMethodHandle$Holder.invokeSpecial(java.lang.Object, java.lang.Object, java.lang.Object, int)'> (0x00000000d59ca430) 
thrown [s\src\hotspot\share\interpreter\linkResolver.cpp, line 773]
Event: 0.773 Thread 0x000002106666dfe0 Exception <a 'java/lang/NoSuchMethodError'{0x00000000d59dce18}: 'java.lang.Object java.lang.invoke.DirectMethodHandle$Holder.invokeStatic(java.lang.Object, java.lang.Object, java.lang.Object, java.lang.Object, int)'> (0x00000000d59dce18) 
thrown [s\src\hotspot\share\interpreter\linkResolver.cpp, line 773]
Event: 0.776 Thread 0x000002106666dfe0 Exception <a 'java/lang/NoSuchMethodError'{0x00000000d59e82c0}: 'void java.lang.invoke.DelegatingMethodHandle$Holder.reinvoke_L(java.lang.Object, java.lang.Object, java.lang.Object, int, java.lang.Object)'> (0x00000000d59e82c0) 
thrown [s\src\hotspot\share\interpreter\linkResolver.cpp, line 773]
Event: 0.780 Thread 0x000002106666dfe0 Exception <a 'java/lang/NoSuchMethodError'{0x00000000d59f8c10}: 'int java.lang.invoke.DirectMethodHandle$Holder.invokeSpecial(java.lang.Object, java.lang.Object, java.lang.Object)'> (0x00000000d59f8c10) 
thrown [s\src\hotspot\share\interpreter\linkResolver.cpp, line 773]
Event: 0.784 Thread 0x000002106666dfe0 Exception <a 'java/lang/NoSuchMethodError'{0x00000000d5a048d0}: 'java.lang.Object java.lang.invoke.DirectMethodHandle$Holder.invokeStatic(java.lang.Object, java.lang.Object, int)'> (0x00000000d5a048d0) 
thrown [s\src\hotspot\share\interpreter\linkResolver.cpp, line 773]
Event: 0.785 Thread 0x000002106666dfe0 Exception <a 'java/lang/NoSuchMethodError'{0x00000000d5a09220}: 'void java.lang.invoke.DirectMethodHandle$Holder.invokeStatic(java.lang.Object, java.lang.Object, int, java.lang.Object)'> (0x00000000d5a09220) 
thrown [s\src\hotspot\share\interpreter\linkResolver.cpp, line 773]
Event: 0.786 Thread 0x000002106666dfe0 Exception <a 'java/lang/NoSuchMethodError'{0x00000000d5a0cdb0}: 'void java.lang.invoke.DirectMethodHandle$Holder.invokeSpecial(java.lang.Object, java.lang.Object, java.lang.Object, int, java.lang.Object)'> (0x00000000d5a0cdb0) 
thrown [s\src\hotspot\share\interpreter\linkResolver.cpp, line 773]
Event: 0.786 Thread 0x000002106666dfe0 Exception <a 'java/lang/NoSuchMethodError'{0x00000000d5a10220}: 'void java.lang.invoke.DelegatingMethodHandle$Holder.delegate(java.lang.Object, java.lang.Object, int, java.lang.Object)'> (0x00000000d5a10220) 
thrown [s\src\hotspot\share\interpreter\linkResolver.cpp, line 773]
Event: 0.910 Thread 0x000002106666dfe0 Exception <a 'java/lang/NoSuchMethodError'{0x00000000d5bd05d8}: 'void java.lang.invoke.DelegatingMethodHandle$Holder.reinvoke_L(java.lang.Object, java.lang.Object, java.lang.Object, int)'> (0x00000000d5bd05d8) 
thrown [s\src\hotspot\share\interpreter\linkResolver.cpp, line 773]
Event: 1.329 Thread 0x000002106666dfe0 Exception <a 'java/lang/NoSuchMethodError'{0x00000000d6066a20}: 'void java.lang.invoke.DirectMethodHandle$Holder.invokeVirtual(java.lang.Object, java.lang.Object)'> (0x00000000d6066a20) 
thrown [s\src\hotspot\share\interpreter\linkResolver.cpp, line 773]

ZGC Phase Switch (0 events):
No events

VM Operations (4 events):
Event: 0.502 Executing non-safepoint VM operation: HandshakeAllThreads (Deoptimize)
Event: 0.502 Executing non-safepoint VM operation: HandshakeAllThreads (Deoptimize) done
Event: 0.718 Executing non-safepoint VM operation: HandshakeAllThreads (Deoptimize)
Event: 0.718 Executing non-safepoint VM operation: HandshakeAllThreads (Deoptimize) done

Memory protections (0 events):
No events

Nmethod flushes (0 events):
No events

Events (12 events):
Event: 0.111 Thread 0x000002106666dfe0 Thread added: 0x000002106666dfe0
Event: 0.170 Thread 0x000002106666dfe0 Thread added: 0x0000021066729ab0
Event: 0.170 Thread 0x000002106666dfe0 Thread added: 0x000002106672dcf0
Event: 0.170 Thread 0x000002106666dfe0 Thread added: 0x000002107f035ed0
Event: 0.171 Thread 0x000002106666dfe0 Thread added: 0x000002107f036b30
Event: 0.171 Thread 0x000002106666dfe0 Thread added: 0x000002107f037790
Event: 0.171 Thread 0x000002106666dfe0 Thread added: 0x000002107f03a300
Event: 0.171 Thread 0x000002106666dfe0 Thread added: 0x000002107f03d550
Event: 0.190 Thread 0x000002106666dfe0 Thread added: 0x0000021041aec770
Event: 0.627 Thread 0x000002106666dfe0 Thread added: 0x0000021041ca65e0
Event: 1.137 Thread 0x000002106666dfe0 Thread added: 0x0000021041cfcaf0
Event: 1.387 Thread 0x0000021041aec770 Thread added: 0x0000021041e574d0


Dynamic libraries:
0x00007ff79d9e0000 - 0x00007ff79d9ee000 	c:\Users\ACER\.vscode\extensions\redhat.java-1.56.0-win32-x64\jre\21.0.12.1-win32-x86_64\bin\java.exe
0x00007ffe9a5a0000 - 0x00007ffe9a807000 	C:\WINDOWS\SYSTEM32\ntdll.dll
0x00007ffe99110000 - 0x00007ffe991db000 	C:\WINDOWS\System32\KERNEL32.DLL
0x00007ffe97930000 - 0x00007ffe97d31000 	C:\WINDOWS\System32\KERNELBASE.dll
0x00007ffe97e30000 - 0x00007ffe97f7c000 	C:\WINDOWS\System32\ucrtbase.dll
0x00007ffe59790000 - 0x00007ffe597a8000 	c:\Users\ACER\.vscode\extensions\redhat.java-1.56.0-win32-x64\jre\21.0.12.1-win32-x86_64\bin\jli.dll
0x00007ffe98680000 - 0x00007ffe98857000 	C:\WINDOWS\System32\USER32.dll
0x00007ffe97d40000 - 0x00007ffe97d67000 	C:\WINDOWS\System32\win32u.dll
0x00007ffe98410000 - 0x00007ffe9843b000 	C:\WINDOWS\System32\GDI32.dll
0x00007ffe97f90000 - 0x00007ffe980b8000 	C:\WINDOWS\System32\gdi32full.dll
0x00007ffe980c0000 - 0x00007ffe98163000 	C:\WINDOWS\System32\msvcp_win.dll
0x00007ffe5a3d0000 - 0x00007ffe5a3ee000 	c:\Users\ACER\.vscode\extensions\redhat.java-1.56.0-win32-x64\jre\21.0.12.1-win32-x86_64\bin\VCRUNTIME140.dll
0x00007ffe7c9c0000 - 0x00007ffe7cc50000 	C:\WINDOWS\WinSxS\amd64_microsoft.windows.common-controls_6595b64144ccf1df_6.0.26100.9549_none_3e0a0396e3330090\COMCTL32.dll
0x00007ffe9a120000 - 0x00007ffe9a1c9000 	C:\WINDOWS\System32\msvcrt.dll
0x00007ffe99810000 - 0x00007ffe99841000 	C:\WINDOWS\System32\IMM32.DLL
0x00007ffe85810000 - 0x00007ffe8581c000 	c:\Users\ACER\.vscode\extensions\redhat.java-1.56.0-win32-x64\jre\21.0.12.1-win32-x86_64\bin\vcruntime140_1.dll
0x00007ffe4ed60000 - 0x00007ffe4eded000 	c:\Users\ACER\.vscode\extensions\redhat.java-1.56.0-win32-x64\jre\21.0.12.1-win32-x86_64\bin\msvcp140.dll
0x00007ffda38b0000 - 0x00007ffda4652000 	c:\Users\ACER\.vscode\extensions\redhat.java-1.56.0-win32-x64\jre\21.0.12.1-win32-x86_64\bin\server\jvm.dll
0x00007ffe984c0000 - 0x00007ffe9857b000 	C:\WINDOWS\System32\ADVAPI32.dll
0x00007ffe998c0000 - 0x00007ffe99968000 	C:\WINDOWS\System32\sechost.dll
0x00007ffe99240000 - 0x00007ffe99358000 	C:\WINDOWS\System32\RPCRT4.dll
0x00007ffe98860000 - 0x00007ffe988e1000 	C:\WINDOWS\System32\WS2_32.dll
0x00007ffe975f0000 - 0x00007ffe9764e000 	C:\WINDOWS\SYSTEM32\POWRPROF.dll
0x00007ffe8ecf0000 - 0x00007ffe8ed27000 	C:\WINDOWS\SYSTEM32\WINMM.dll
0x00007ffe84eb0000 - 0x00007ffe84ebb000 	C:\WINDOWS\SYSTEM32\VERSION.dll
0x00007ffe975d0000 - 0x00007ffe975e5000 	C:\WINDOWS\SYSTEM32\UMPDC.dll
0x00007ffe96440000 - 0x00007ffe9645b000 	C:\WINDOWS\SYSTEM32\kernel.appcore.dll
0x00007ffe855a0000 - 0x00007ffe855aa000 	c:\Users\ACER\.vscode\extensions\redhat.java-1.56.0-win32-x64\jre\21.0.12.1-win32-x86_64\bin\jimage.dll
0x00007ffe94bf0000 - 0x00007ffe94e3c000 	C:\WINDOWS\SYSTEM32\DBGHELP.DLL
0x00007ffe9a1d0000 - 0x00007ffe9a55a000 	C:\WINDOWS\System32\combase.dll
0x00007ffe99030000 - 0x00007ffe99109000 	C:\WINDOWS\System32\OLEAUT32.dll
0x00007ffe70400000 - 0x00007ffe7043b000 	C:\WINDOWS\SYSTEM32\dbgcore.DLL
0x00007ffe97d70000 - 0x00007ffe97e1c000 	C:\WINDOWS\System32\bcryptPrimitives.dll
0x00007ffe84050000 - 0x00007ffe8405f000 	c:\Users\ACER\.vscode\extensions\redhat.java-1.56.0-win32-x64\jre\21.0.12.1-win32-x86_64\bin\instrument.dll
0x00007ffe541a0000 - 0x00007ffe541c0000 	c:\Users\ACER\.vscode\extensions\redhat.java-1.56.0-win32-x64\jre\21.0.12.1-win32-x86_64\bin\java.dll
0x00007ffe99970000 - 0x00007ffe9a10c000 	C:\WINDOWS\System32\SHELL32.dll
0x00007ffe95200000 - 0x00007ffe95aad000 	C:\WINDOWS\SYSTEM32\windows.storage.dll
0x00007ffe98580000 - 0x00007ffe98679000 	C:\WINDOWS\System32\SHCORE.dll
0x00007ffe98450000 - 0x00007ffe984b6000 	C:\WINDOWS\System32\shlwapi.dll
0x00007ffe976b0000 - 0x00007ffe976d9000 	C:\WINDOWS\SYSTEM32\profapi.dll
0x00007ffe54130000 - 0x00007ffe54148000 	c:\Users\ACER\.vscode\extensions\redhat.java-1.56.0-win32-x64\jre\21.0.12.1-win32-x86_64\bin\zip.dll
0x00007ffe85500000 - 0x00007ffe85510000 	C:\Users\ACER\.vscode\extensions\redhat.java-1.56.0-win32-x64\jre\21.0.12.1-win32-x86_64\bin\net.dll
0x00007ffe87350000 - 0x00007ffe8747a000 	C:\WINDOWS\SYSTEM32\WINHTTP.dll
0x00007ffe96a00000 - 0x00007ffe96a6c000 	C:\WINDOWS\system32\mswsock.dll
0x00007ffe50c50000 - 0x00007ffe50c66000 	C:\Users\ACER\.vscode\extensions\redhat.java-1.56.0-win32-x64\jre\21.0.12.1-win32-x86_64\bin\nio.dll
0x00007ffe84710000 - 0x00007ffe84720000 	c:\Users\ACER\.vscode\extensions\redhat.java-1.56.0-win32-x64\jre\21.0.12.1-win32-x86_64\bin\verify.dll

JVMTI agents:
c:\Users\ACER\.vscode\extensions\redhat.java-1.56.0-win32-x64\lombok\lombok-1.18.39-4050.jar path:c:\Users\ACER\.vscode\extensions\redhat.java-1.56.0-win32-x64\jre\21.0.12.1-win32-x86_64\bin\instrument.dll, loaded, initialized, instrumentlib options:none

dbghelp: loaded successfully - version: 4.0.5 - missing functions: none
symbol engine: initialized successfully - sym options: 0x614 - pdb path: .;c:\Users\ACER\.vscode\extensions\redhat.java-1.56.0-win32-x64\jre\21.0.12.1-win32-x86_64\bin;C:\WINDOWS\SYSTEM32;C:\WINDOWS\WinSxS\amd64_microsoft.windows.common-controls_6595b64144ccf1df_6.0.26100.9549_none_3e0a0396e3330090;c:\Users\ACER\.vscode\extensions\redhat.java-1.56.0-win32-x64\jre\21.0.12.1-win32-x86_64\bin\server

VM Arguments:
jvm_args: --add-modules=ALL-SYSTEM --add-opens=java.base/java.util=ALL-UNNAMED --add-opens=java.base/java.lang=ALL-UNNAMED --add-opens=java.base/sun.nio.fs=ALL-UNNAMED -Declipse.application=org.eclipse.jdt.ls.core.id1 -Dosgi.bundles.defaultStartLevel=4 -Declipse.product=org.eclipse.jdt.ls.core.product -Djava.import.generatesMetadataFilesAtProjectRoot=false -Dm2e.project.cache.size=50 -DDetectVMInstallationsJob.disabled=true -Dfile.encoding=utf8 -XX:+UseParallelGC -XX:GCTimeRatio=4 -XX:AdaptiveSizePolicyWeight=90 -Dsun.zip.disableMemoryMapping=true -Xmx2G -Xms100m -Xlog:disable -javaagent:c:\Users\ACER\.vscode\extensions\redhat.java-1.56.0-win32-x64\lombok\lombok-1.18.39-4050.jar -XX:+HeapDumpOnOutOfMemoryError -XX:HeapDumpPath=c:\Users\ACER\AppData\Roaming\Code\User\workspaceStorage\871d06872000d22955967cdc9c474b23\redhat.java -Daether.dependencyCollector.impl=bf 
java_command: c:\Users\ACER\.vscode\extensions\redhat.java-1.56.0-win32-x64\server\plugins\org.eclipse.equinox.launcher_1.8.0.v20260804-1928.jar -configuration c:\Users\ACER\AppData\Roaming\Code\User\globalStorage\redhat.java\1.56.0\config_win -data c:\Users\ACER\AppData\Roaming\Code\User\workspaceStorage\871d06872000d22955967cdc9c474b23\redhat.java\jdt_ws --pipe=\\.\pipe\lsp-9601f44179887049fceb0535e209886c-sock
java_class_path (initial): c:\Users\ACER\.vscode\extensions\redhat.java-1.56.0-win32-x64\server\plugins\org.eclipse.equinox.launcher_1.8.0.v20260804-1928.jar
Launcher Type: SUN_STANDARD

[Global flags]
    uintx AdaptiveSizePolicyWeight                 = 90                                        {product} {command line}
     intx CICompilerCount                          = 4                                         {product} {ergonomic}
    uintx GCTimeRatio                              = 4                                         {product} {command line}
     bool HeapDumpOnOutOfMemoryError               = true                                   {manageable} {command line}
    ccstr HeapDumpPath                             = c:\Users\ACER\AppData\Roaming\Code\User\workspaceStorage\871d06872000d22955967cdc9c474b23\redhat.java         {manageable} {command line}
   size_t InitialHeapSize                          = 104857600                                 {product} {command line}
   size_t MaxHeapSize                              = 2147483648                                {product} {command line}
   size_t MaxNewSize                               = 715653120                                 {product} {ergonomic}
   size_t MinHeapDeltaBytes                        = 524288                                    {product} {ergonomic}
   size_t MinHeapSize                              = 104857600                                 {product} {command line}
   size_t NewSize                                  = 34603008                                  {product} {ergonomic}
    uintx NonNMethodCodeHeapSize                   = 5839372                                {pd product} {ergonomic}
    uintx NonProfiledCodeHeapSize                  = 122909434                              {pd product} {ergonomic}
   size_t OldSize                                  = 70254592                                  {product} {ergonomic}
    uintx ProfiledCodeHeapSize                     = 122909434                              {pd product} {ergonomic}
    uintx ReservedCodeCacheSize                    = 251658240                              {pd product} {ergonomic}
     bool SegmentedCodeCache                       = true                                      {product} {ergonomic}
   size_t SoftMaxHeapSize                          = 2147483648                             {manageable} {ergonomic}
     bool UseCompressedOops                        = true                           {product lp64_product} {ergonomic}
     bool UseLargePagesIndividualAllocation        = false                                  {pd product} {ergonomic}
     bool UseParallelGC                            = true                                      {product} {command line}

Logging:
Log output configuration:
 #0: stdout all=off uptime,level,tags foldmultilines=false
 #1: stderr all=off uptime,level,tags foldmultilines=false

Release file:
JAVA_VERSION="21.0.12.1" 
MODULES="java.base java.compiler java.datatransfer java.xml java.prefs java.desktop java.instrument java.logging java.management java.security.sasl java.naming java.rmi java.management.rmi java.net.http java.scripting java.security.jgss java.transaction.xa java.sql java.sql.rowset java.xml.crypto java.se java.smartcardio jdk.accessibility jdk.internal.jvmstat jdk.attach jdk.charsets jdk.internal.opt jdk.zipfs jdk.compiler jdk.crypto.ec jdk.crypto.cryptoki jdk.crypto.mscapi jdk.dynalink jdk.internal.ed jdk.editpad jdk.hotspot.agent jdk.httpserver jdk.internal.le jdk.internal.vm.ci jdk.internal.vm.compiler jdk.internal.vm.compiler.management jdk.jartool jdk.javadoc jdk.jcmd jdk.management jdk.management.agent jdk.jconsole jdk.jdeps jdk.jdwp.agent jdk.jdi jdk.jfr jdk.jshell jdk.jsobject jdk.jstatd jdk.localedata jdk.management.jfr jdk.naming.dns jdk.naming.rmi jdk.net jdk.nio.mapmode jdk.random jdk.sctp jdk.security.auth jdk.security.jgss jdk.unsupported jdk.unsupported.desktop jdk.xml.dom" 

Environment Variables:
JAVA_HOME=C:\Program Files\Eclipse Adoptium\jdk-21.0.11.10-hotspot
PATH=C:\Program Files\Eclipse Adoptium\jdk-21.0.11.10-hotspot\bin;C:\WINDOWS\system32;C:\WINDOWS;C:\WINDOWS\System32\Wbem;C:\WINDOWS\System32\WindowsPowerShell\v1.0\;C:\WINDOWS\System32\OpenSSH\;C:\Program Files\dotnet\;C:\Program Files\Eclipse Adoptium\jdk-21.0.11.10-hotspot\bin;D:\Java;C:\Program Files\Git\cmd;C:\Program Files\nodejs\;C:\Users\ACER\AppData\Local\Microsoft\WindowsApps;C:\Users\ACER\AppData\Local\Programs\Microsoft VS Code\bin;C:\Users\ACER\AppData\Roaming\npm
USERNAME=ACER
OS=Windows_NT
PROCESSOR_IDENTIFIER=Intel64 Family 6 Model 190 Stepping 0, GenuineIntel
TMP=C:\Users\ACER\AppData\Local\Temp
TEMP=C:\Users\ACER\AppData\Local\Temp




Periodic native trim disabled

---------------  S Y S T E M  ---------------

OS:
 Windows 11 , 64 bit Build 26100 (10.0.26100.9549)
OS uptime: 0 days 2:46 hours

CPU: total 8 (initial active 8) (8 cores per cpu, 1 threads per core) family 6 model 190 stepping 0 microcode 0xe, cx8, cmov, fxsr, mmx, 3dnowpref, sse, sse2, sse3, ssse3, sse4.1, sse4.2, popcnt, lzcnt, tsc, tscinvbit, avx, avx2, aes, erms, clmul, bmi1, bmi2, adx, sha, fma, vzeroupper, clflush, clflushopt, clwb, serialize, rdtscp, rdpid, fsrm, f16c, pku, cet_ibt, cet_ss
Processor Information for processor 0
  Max Mhz: 1800, Current Mhz: 1800, Mhz Limit: 1800
Processor Information for processor 1
  Max Mhz: 1800, Current Mhz: 1500, Mhz Limit: 1800
Processor Information for processor 2
  Max Mhz: 1800, Current Mhz: 1500, Mhz Limit: 1800
Processor Information for processor 3
  Max Mhz: 1800, Current Mhz: 1500, Mhz Limit: 1800
Processor Information for processor 4
  Max Mhz: 1800, Current Mhz: 1800, Mhz Limit: 1800
Processor Information for processor 5
  Max Mhz: 1800, Current Mhz: 1800, Mhz Limit: 1800
Processor Information for processor 6
  Max Mhz: 1800, Current Mhz: 1800, Mhz Limit: 1800
Processor Information for processor 7
  Max Mhz: 1800, Current Mhz: 1800, Mhz Limit: 1800

Memory: 4k page, system-wide physical 7865M (482M free)
TotalPageFile size 16554M (AvailPageFile size 0M)
current process WorkingSet (physical memory assigned to process): 63M, peak: 63M
current process commit charge ("private bytes"): 231M, peak: 231M

vm_info: OpenJDK 64-Bit Server VM (21.0.12.1+1-LTS) for windows-amd64 JRE (21.0.12.1+1-LTS), built on 2026-08-18T00:00:00Z by "admin" with MS VC++ 17.12 (VS2022)

END.
